
Benchmarks complete for models/train-small-optimized/weights/best.pt on dataset.yml at imgsz=640 (9.56s)
Benchmarks legend:  - ✅ Success  - ❎ Export passed but validation failed  - ❌️ Export failed
+----------------------------------------------------------------------------------------------+
|     Format        Status❔   Size (MB)   metrics/mAP50-95(B)   Inference time (ms/im)   FPS  |
+==============================================================================================+
| 1   TorchScript   ✅         36.7        0.4519                13.98                    71.5 |
+----------------------------------------------------------------------------------------------+

Benchmarks complete for models/train-small/weights/best.pt on dataset.yml at imgsz=640 (9.45s)
Benchmarks legend:  - ✅ Success  - ❎ Export passed but validation failed  - ❌️ Export failed
+----------------------------------------------------------------------------------------------+
|     Format        Status❔   Size (MB)   metrics/mAP50-95(B)   Inference time (ms/im)   FPS  |
+==============================================================================================+
| 1   TorchScript   ✅         36.7        0.4721                13.91                    71.9 |
+----------------------------------------------------------------------------------------------+

Benchmarks complete for models/train-small-optimized/weights/best.pt on dataset.yml at imgsz=640 (6.98s)
Benchmarks legend:  - ✅ Success  - ❎ Export passed but validation failed  - ❌️ Export failed
+-----------------------------------------------------------------------------------------------+
|     Format        Status❔   Size (MB)   metrics/mAP50-95(B)   Inference time (ms/im)   FPS   |
+===============================================================================================+
| 1   TorchScript   ✅         36.8        0.4519                14.14                    70.69 |
+-----------------------------------------------------------------------------------------------+
